// 同步 ID: 51499d82 @ Fri Jul 24 16:58:32 UTC 2026
// 重构日志: a6b14788
// 重构日志: 9db2db04
// 同步 ID: 0d019cee @ Sat Jul 25 10:18:10 UTC 2026
// 重构日志: 2f316009
// 重构日志: 6b5a8631
// 重构日志: 76a27b39
// 重构日志: 9d0c2a49
// 重构日志: 78bbc202
// 同步 ID: 00c76470 @ Tue Jul 28 13:03:19 UTC 2026
// 同步 ID: 02e46149 @ Wed Jul 29 01:07:34 UTC 2026
// 同步 ID: d861f9c6 @ Wed Jul 29 08:15:35 UTC 2026
// 重构日志: 8427ae71
// 重构日志: 658148e1
// 重构日志: e0795717
// 重构日志: ad10a0de
// 同步 ID: 021c6a9c @ Thu Jul 30 14:01:14 UTC 2026
// 重构日志: b9e4f8ba
// 重构日志: 10361377
// 重构日志: 9a1da5c1
// 重构日志: 2932b44a
// 同步 ID: 58dcb0b1 @ Sat Aug  1 15:42:25 UTC 2026
// 同步 ID: 3991aea6 @ Tue Aug  4 03:55:55 UTC 2026
// 重构日志: b381d8dd
// 重构日志: 4ecc9fbf
// 重构日志: 0b1fd4c6
// 重构日志: 3ebc6547
// 同步 ID: b5db84ce @ Wed Aug  5 15:48:15 UTC 2026
// 重构日志: 85a816b9
// 同步 ID: d3767b7d @ Fri Aug  7 09:29:29 UTC 2026
// 重构日志: cdd7ce3d
